// Jest Snapshot v1, https://goo.gl/fbAQLP

exports[`should render ExpensesSummary with multiple expenses 1`] = `
<div>
  <h2>
    Viewing 
    23
     
    expenses
     totalling 
    $53.55
  </h2>
</div>
`;

exports[`should render ExpensesSummary with one expense 1`] = `
<div>
  <h2>
    Viewing 
    1
     
    expense
     totalling 
    $2.35
  </h2>
</div>
`;
